// Jest Snapshot v1, https://goo.gl/fbAQLP

exports[`test-empty-tree-list 1`] = `"<div id=\\"tree-widget-1\\" class=\\"dktree panel panel-default\\"><div id=\\"dk-bx-1\\" class=\\"panel-body\\"><ul id=\\"dk-bx-2\\" class=\\"tree\\" style=\\"padding-left: 0px;\\"></ul></div></div>"`;
