// Jest Snapshot v1, https://goo.gl/fbAQLP

exports[`resultset-filter-options 1`] = `[Function]`;
