// Jest Snapshot v1, https://goo.gl/fbAQLP

exports[`test-data-filter-single 1`] = `[Function]`;
