// Jest Snapshot v1, https://goo.gl/fbAQLP

exports[`test-flex-1-css 1`] = `
<div
  id="work"
>
  
            
  <div
    id="a"
  />
  
        
</div>
`;
