// Jest Snapshot v1, https://goo.gl/fbAQLP

exports[`test-resultset-render 1`] = `
<div
  id="work"
>
  
            
        
  <section
    class="ResultSet clearfix"
    id="result-set-1"
  >
    <div
      class="rowbx"
      id="dk-bx-1"
      style="display: flex; align-items: flex-start;"
    >
      <div
        class="filterbx"
        id="dk-bx-2"
        style="margin-right: 4px; width: 180px;"
      />
      <div
        class="panel panel-default data"
        id="dk-bx-3"
        style="flex: 1px;"
      >
        <header
          class="panel-heading clearfix"
          id="dk-bx-4"
        >
          <div
            class="pull-left search"
            id="dk-bx-5"
            style="width: 40%;"
          >
            <form
              class="SearchWidget search-form form-inline"
              id="search-widget-1"
            >
              <div
                class="form-group has-feedback"
                id="dk-bx-6"
              >
                <div
                  class="input-group input-group-sm"
                  id="dk-bx-7"
                >
                  <input
                    accesskey="s"
                    class="form-control search-input"
                    id="dk-bx-8"
                    name="q"
                    placeholder="SÃ¸k.."
                    type="search"
                  />
                  <span
                    class="clear-button form-control-feedback"
                    id="dk-bx-9"
                    style="display: none;"
                  >
                    <i
                      class="icon fa fa-times times fa-fw"
                      icon="times"
                      value="times:fw"
                    />
                  </span>
                  <div
                    class="input-group-btn go-group"
                    id="dk-bx-10"
                  >
                    <button
                      class="go-button btn btn-primary"
                      id="dk-bx-11"
                    >
                      <i
                        class="icon fa fa-search search fa-fw"
                        icon="search"
                        value="search:fw"
                      />
                    </button>
                  </div>
                </div>
              </div>
            </form>
          </div>
          <div
            class="commands pull-right"
            id="dk-bx-12"
          >
            <img
              alt="add"
              class="add-button add"
              height="28"
              id="dk-bx-13"
              src="https://static.datakortet.no/ikn/ax/button_blue_add.png"
            />
            <button
              class="btn excelbtn csv"
              data-loading-text="Laster ned..."
              id="dk-bx-14"
            >
              
                            
              <span>
                <img
                  alt="csv"
                  height="28"
                  src="https://static.datakortet.no/ikn/ax/button_blue_down.png"
                />
              </span>
              
                        
            </button>
          </div>
          <div
            class="pull-right stats"
            id="dk-bx-15"
            style="text-align: right; margin-right: 1ex;"
          />
        </header>
        <table
          class="result-table table table-bordered table-hover table-condensed content"
          id="dk-bx-16"
        />
        <footer
          class="panel-footer"
          id="dk-bx-17"
        />
      </div>
    </div>
    <div
      class="alert alert-danger"
    >
      you need to specify a construct_table method
    </div>
  </section>
</div>
`;
